// Jest Snapshot v1, https://goo.gl/fbAQLP

exports[`View (initial) renders correctly 1`] = `
<div
  className="app__container"
>
  <div
    className="chat-window"
  >
    <div
      className="chat-window__header"
    >
      <div
        className="header-content"
      >
        <span>
          Laura
        </span>
        <span
          className="header-content__subtext"
        >
          Active
        </span>
      </div>
    </div>
    <div
      className="overflow-content"
    >
      <div
        className="chat-window__message-container"
      >
        <div />
      </div>
    </div>
    <div
      className="input__container"
    >
      <textarea
        className="input"
        onChange={[Function]}
        onKeyDown={[Function]}
        placeholder="Type here to send a message..."
        rows="2"
        value=""
      />
    </div>
  </div>
  <div
    className="app__divisor"
  />
  <div
    className="chat-window"
  >
    <div
      className="chat-window__header"
    >
      <div
        className="header-content"
      >
        <span>
          Rob
        </span>
        <span
          className="header-content__subtext"
        >
          Active
        </span>
      </div>
    </div>
    <div
      className="overflow-content"
    >
      <div
        className="chat-window__message-container"
      >
        <div />
      </div>
    </div>
    <div
      className="input__container"
    >
      <textarea
        className="input"
        onChange={[Function]}
        onKeyDown={[Function]}
        placeholder="Type here to send a message..."
        rows="2"
        value=""
      />
    </div>
  </div>
</div>
`;
